[INFO] Scanning for projects...
[INFO] 
[INFO] ----------------------< com.example:bibliotheque >----------------------
[INFO] Building bibliotheque 0.0.1-SNAPSHOT
[INFO]   from pom.xml
[INFO] --------------------------------[ jar ]---------------------------------
[INFO] 
[INFO] >>> spring-boot:3.5.4:run (default-cli) > test-compile @ bibliotheque >>>
[INFO] 
[INFO] --- resources:3.3.1:resources (default-resources) @ bibliotheque ---
[INFO] Copying 1 resource from src/main/resources to target/classes
[INFO] Copying 0 resource from src/main/resources to target/classes
[INFO] 
[INFO] --- compiler:3.14.0:compile (default-compile) @ bibliotheque ---
[INFO] Nothing to compile - all classes are up to date.
[INFO] 
[INFO] --- resources:3.3.1:testResources (default-testResources) @ bibliotheque ---
[INFO] skip non existing resourceDirectory /Users/emansarahafi/Downloads/bibliotheque-api/src/test/resources
[INFO] 
[INFO] --- compiler:3.14.0:testCompile (default-testCompile) @ bibliotheque ---
[INFO] Nothing to compile - all classes are up to date.
[INFO] 
[INFO] <<< spring-boot:3.5.4:run (default-cli) < test-compile @ bibliotheque <<<
[INFO] 
[INFO] 
[INFO] --- spring-boot:3.5.4:run (default-cli) @ bibliotheque ---
[INFO] Attaching agents: []

  .   ____          _            __ _ _
 /\\ / ___'_ __ _ _(_)_ __  __ _ \ \ \ \
( ( )\___ | '_ | '_| | '_ \/ _` | \ \ \ \
 \\/  ___)| |_)| | | | | || (_| |  ) ) ) )
  '  |____| .__|_| |_|_| |_\__, | / / / /
 =========|_|==============|___/=/_/_/_/

 :: Spring Boot ::                (v3.5.4)

2025-08-10T16:20:00.429+01:00  INFO 15583 --- [bibliotheque] [           main] c.e.b.BibliothequeApplication            : Starting BibliothequeApplication using Java 23.0.2 with PID 15583 (/Users/emansarahafi/Downloads/bibliotheque-api/target/classes started by emansarahafi in /Users/emansarahafi/Downloads/bibliotheque-api)
2025-08-10T16:20:00.431+01:00  INFO 15583 --- [bibliotheque] [           main] c.e.b.BibliothequeApplication            : No active profile set, falling back to 1 default profile: "default"
2025-08-10T16:20:00.627+01:00  INFO 15583 --- [bibliotheque] [           main] .s.d.r.c.RepositoryConfigurationDelegate : Bootstrapping Spring Data JPA repositories in DEFAULT mode.
2025-08-10T16:20:00.643+01:00  INFO 15583 --- [bibliotheque] [           main] .s.d.r.c.RepositoryConfigurationDelegate : Finished Spring Data repository scanning in 14 ms. Found 2 JPA repository interfaces.
2025-08-10T16:20:00.785+01:00  INFO 15583 --- [bibliotheque] [           main] o.s.b.w.embedded.tomcat.TomcatWebServer  : Tomcat initialized with port 8080 (http)
2025-08-10T16:20:00.791+01:00  INFO 15583 --- [bibliotheque] [           main] o.apache.catalina.core.StandardService   : Starting service [Tomcat]
2025-08-10T16:20:00.791+01:00  INFO 15583 --- [bibliotheque] [           main] o.apache.catalina.core.StandardEngine    : Starting Servlet engine: [Apache Tomcat/10.1.43]
2025-08-10T16:20:00.806+01:00  INFO 15583 --- [bibliotheque] [           main] o.a.c.c.C.[Tomcat].[localhost].[/]       : Initializing Spring embedded WebApplicationContext
2025-08-10T16:20:00.807+01:00  INFO 15583 --- [bibliotheque] [           main] w.s.c.ServletWebServerApplicationContext : Root WebApplicationContext: initialization completed in 359 ms
2025-08-10T16:20:00.860+01:00  INFO 15583 --- [bibliotheque] [           main] o.hibernate.jpa.internal.util.LogHelper  : HHH000204: Processing PersistenceUnitInfo [name: default]
2025-08-10T16:20:00.872+01:00  INFO 15583 --- [bibliotheque] [           main] org.hibernate.Version                    : HHH000412: Hibernate ORM core version 6.6.22.Final
2025-08-10T16:20:00.881+01:00  INFO 15583 --- [bibliotheque] [           main] o.h.c.internal.RegionFactoryInitiator    : HHH000026: Second-level cache disabled
2025-08-10T16:20:00.960+01:00  INFO 15583 --- [bibliotheque] [           main] o.s.o.j.p.SpringPersistenceUnitInfo      : No LoadTimeWeaver setup: ignoring JPA class transformer
2025-08-10T16:20:00.969+01:00  INFO 15583 --- [bibliotheque] [           main] com.zaxxer.hikari.HikariDataSource       : HikariPool-1 - Starting...
2025-08-10T16:20:01.109+01:00  INFO 15583 --- [bibliotheque] [           main] com.zaxxer.hikari.pool.HikariPool        : HikariPool-1 - Added connection com.mysql.cj.jdbc.ConnectionImpl@5f5c187d
2025-08-10T16:20:01.110+01:00  INFO 15583 --- [bibliotheque] [           main] com.zaxxer.hikari.HikariDataSource       : HikariPool-1 - Start completed.
2025-08-10T16:20:01.125+01:00  WARN 15583 --- [bibliotheque] [           main] org.hibernate.orm.deprecation            : HHH90000025: MySQL8Dialect does not need to be specified explicitly using 'hibernate.dialect' (remove the property setting and it will be selected by default)
2025-08-10T16:20:01.125+01:00  WARN 15583 --- [bibliotheque] [           main] org.hibernate.orm.deprecation            : HHH90000026: MySQL8Dialect has been deprecated; use org.hibernate.dialect.MySQLDialect instead
2025-08-10T16:20:01.130+01:00  INFO 15583 --- [bibliotheque] [           main] org.hibernate.orm.connections.pooling    : HHH10001005: Database info:
	Database JDBC URL [Connecting through datasource 'HikariDataSource (HikariPool-1)']
	Database driver: undefined/unknown
	Database version: 8.0
	Autocommit mode: undefined/unknown
	Isolation level: undefined/unknown
	Minimum pool size: undefined/unknown
	Maximum pool size: undefined/unknown
2025-08-10T16:20:01.391+01:00  INFO 15583 --- [bibliotheque] [           main] o.h.e.t.j.p.i.JtaPlatformInitiator       : HHH000489: No JTA platform available (set 'hibernate.transaction.jta.platform' to enable JTA platform integration)
2025-08-10T16:20:01.420+01:00  INFO 15583 --- [bibliotheque] [           main] j.LocalContainerEntityManagerFactoryBean : Initialized JPA EntityManagerFactory for persistence unit 'default'
2025-08-10T16:20:01.505+01:00  INFO 15583 --- [bibliotheque] [           main] o.s.d.j.r.query.QueryEnhancerFactory     : Hibernate is in classpath; If applicable, HQL parser will be used.
2025-08-10T16:20:01.757+01:00  WARN 15583 --- [bibliotheque] [           main] JpaBaseConfiguration$JpaWebConfiguration : spring.jpa.open-in-view is enabled by default. Therefore, database queries may be performed during view rendering. Explicitly configure spring.jpa.open-in-view to disable this warning
2025-08-10T16:20:01.866+01:00  INFO 15583 --- [bibliotheque] [           main] o.s.b.w.embedded.tomcat.TomcatWebServer  : Tomcat started on port 8080 (http) with context path '/'
2025-08-10T16:20:01.869+01:00  INFO 15583 --- [bibliotheque] [           main] c.e.b.BibliothequeApplication            : Started BibliothequeApplication in 1.564 seconds (process running for 1.672)
2025-08-10T16:20:19.805+01:00  INFO 15583 --- [bibliotheque] [nio-8080-exec-1] o.a.c.c.C.[Tomcat].[localhost].[/]       : Initializing Spring DispatcherServlet 'dispatcherServlet'
2025-08-10T16:20:19.805+01:00  INFO 15583 --- [bibliotheque] [nio-8080-exec-1] o.s.web.servlet.DispatcherServlet        : Initializing Servlet 'dispatcherServlet'
2025-08-10T16:20:19.805+01:00  INFO 15583 --- [bibliotheque] [nio-8080-exec-1] o.s.web.servlet.DispatcherServlet        : Completed initialization in 0 ms
2025-08-10T16:25:01.646+01:00  INFO 15583 --- [bibliotheque] [ionShutdownHook] o.s.b.w.e.tomcat.GracefulShutdown        : Commencing graceful shutdown. Waiting for active requests to complete
2025-08-10T16:25:01.650+01:00  INFO 15583 --- [bibliotheque] [tomcat-shutdown] o.s.b.w.e.tomcat.GracefulShutdown        : Graceful shutdown complete
2025-08-10T16:25:01.652+01:00  INFO 15583 --- [bibliotheque] [ionShutdownHook] j.LocalContainerEntityManagerFactoryBean : Closing JPA EntityManagerFactory for persistence unit 'default'
2025-08-10T16:25:01.654+01:00  INFO 15583 --- [bibliotheque] [ionShutdownHook] com.zaxxer.hikari.HikariDataSource       : HikariPool-1 - Shutdown initiated...
2025-08-10T16:25:01.656+01:00  INFO 15583 --- [bibliotheque] [ionShutdownHook] com.zaxxer.hikari.HikariDataSource       : HikariPool-1 - Shutdown completed.
