[INFO] Scanning for projects...
[INFO] 
[INFO] ----------------------< com.example:bibliotheque >----------------------
[INFO] Building bibliotheque 0.0.1-SNAPSHOT
[INFO]   from pom.xml
[INFO] --------------------------------[ jar ]---------------------------------
[INFO] 
[INFO] >>> spring-boot:3.5.4:run (default-cli) > test-compile @ bibliotheque >>>
[INFO] 
[INFO] --- resources:3.3.1:resources (default-resources) @ bibliotheque ---
[INFO] Copying 1 resource from src/main/resources to target/classes
[INFO] Copying 1 resource from src/main/resources to target/classes
[INFO] 
[INFO] --- compiler:3.14.0:compile (default-compile) @ bibliotheque ---
[INFO] Nothing to compile - all classes are up to date.
[INFO] 
[INFO] --- resources:3.3.1:testResources (default-testResources) @ bibliotheque ---
[INFO] skip non existing resourceDirectory /Users/emansarahafi/Downloads/bibliotheque-api/src/test/resources
[INFO] 
[INFO] --- compiler:3.14.0:testCompile (default-testCompile) @ bibliotheque ---
[INFO] Recompiling the module because of changed source code.
[INFO] Compiling 1 source file with javac [debug parameters release 21] to target/test-classes
[INFO] 
[INFO] <<< spring-boot:3.5.4:run (default-cli) < test-compile @ bibliotheque <<<
[INFO] 
[INFO] 
[INFO] --- spring-boot:3.5.4:run (default-cli) @ bibliotheque ---
[INFO] Attaching agents: []

  .   ____          _            __ _ _
 /\\ / ___'_ __ _ _(_)_ __  __ _ \ \ \ \
( ( )\___ | '_ | '_| | '_ \/ _` | \ \ \ \
 \\/  ___)| |_)| | | | | || (_| |  ) ) ) )
  '  |____| .__|_| |_|_| |_\__, | / / / /
 =========|_|==============|___/=/_/_/_/

 :: Spring Boot ::                (v3.5.4)

2025-08-10T16:25:16.226+01:00  INFO 18361 --- [bibliotheque] [           main] c.e.b.BibliothequeApplication            : Starting BibliothequeApplication using Java 23.0.2 with PID 18361 (/Users/emansarahafi/Downloads/bibliotheque-api/target/classes started by emansarahafi in /Users/emansarahafi/Downloads/bibliotheque-api)
2025-08-10T16:25:16.229+01:00  INFO 18361 --- [bibliotheque] [           main] c.e.b.BibliothequeApplication            : No active profile set, falling back to 1 default profile: "default"
2025-08-10T16:25:16.426+01:00  INFO 18361 --- [bibliotheque] [           main] .s.d.r.c.RepositoryConfigurationDelegate : Bootstrapping Spring Data JPA repositories in DEFAULT mode.
2025-08-10T16:25:16.442+01:00  INFO 18361 --- [bibliotheque] [           main] .s.d.r.c.RepositoryConfigurationDelegate : Finished Spring Data repository scanning in 13 ms. Found 2 JPA repository interfaces.
2025-08-10T16:25:16.599+01:00  INFO 18361 --- [bibliotheque] [           main] o.s.b.w.embedded.tomcat.TomcatWebServer  : Tomcat initialized with port 8080 (http)
2025-08-10T16:25:16.603+01:00  INFO 18361 --- [bibliotheque] [           main] o.apache.catalina.core.StandardService   : Starting service [Tomcat]
2025-08-10T16:25:16.604+01:00  INFO 18361 --- [bibliotheque] [           main] o.apache.catalina.core.StandardEngine    : Starting Servlet engine: [Apache Tomcat/10.1.43]
2025-08-10T16:25:16.619+01:00  INFO 18361 --- [bibliotheque] [           main] o.a.c.c.C.[Tomcat].[localhost].[/]       : Initializing Spring embedded WebApplicationContext
2025-08-10T16:25:16.619+01:00  INFO 18361 --- [bibliotheque] [           main] w.s.c.ServletWebServerApplicationContext : Root WebApplicationContext: initialization completed in 374 ms
2025-08-10T16:25:16.669+01:00  INFO 18361 --- [bibliotheque] [           main] o.hibernate.jpa.internal.util.LogHelper  : HHH000204: Processing PersistenceUnitInfo [name: default]
2025-08-10T16:25:16.681+01:00  INFO 18361 --- [bibliotheque] [           main] org.hibernate.Version                    : HHH000412: Hibernate ORM core version 6.6.22.Final
2025-08-10T16:25:16.690+01:00  INFO 18361 --- [bibliotheque] [           main] o.h.c.internal.RegionFactoryInitiator    : HHH000026: Second-level cache disabled
2025-08-10T16:25:16.777+01:00  INFO 18361 --- [bibliotheque] [           main] o.s.o.j.p.SpringPersistenceUnitInfo      : No LoadTimeWeaver setup: ignoring JPA class transformer
2025-08-10T16:25:16.786+01:00  INFO 18361 --- [bibliotheque] [           main] com.zaxxer.hikari.HikariDataSource       : HikariPool-1 - Starting...
2025-08-10T16:25:16.954+01:00  INFO 18361 --- [bibliotheque] [           main] com.zaxxer.hikari.pool.HikariPool        : HikariPool-1 - Added connection com.mysql.cj.jdbc.ConnectionImpl@5a6f6cac
2025-08-10T16:25:16.955+01:00  INFO 18361 --- [bibliotheque] [           main] com.zaxxer.hikari.HikariDataSource       : HikariPool-1 - Start completed.
2025-08-10T16:25:16.972+01:00  WARN 18361 --- [bibliotheque] [           main] org.hibernate.orm.deprecation            : HHH90000025: MySQL8Dialect does not need to be specified explicitly using 'hibernate.dialect' (remove the property setting and it will be selected by default)
2025-08-10T16:25:16.972+01:00  WARN 18361 --- [bibliotheque] [           main] org.hibernate.orm.deprecation            : HHH90000026: MySQL8Dialect has been deprecated; use org.hibernate.dialect.MySQLDialect instead
2025-08-10T16:25:16.978+01:00  INFO 18361 --- [bibliotheque] [           main] org.hibernate.orm.connections.pooling    : HHH10001005: Database info:
	Database JDBC URL [Connecting through datasource 'HikariDataSource (HikariPool-1)']
	Database driver: undefined/unknown
	Database version: 8.0
	Autocommit mode: undefined/unknown
	Isolation level: undefined/unknown
	Minimum pool size: undefined/unknown
	Maximum pool size: undefined/unknown
2025-08-10T16:25:17.249+01:00  INFO 18361 --- [bibliotheque] [           main] o.h.e.t.j.p.i.JtaPlatformInitiator       : HHH000489: No JTA platform available (set 'hibernate.transaction.jta.platform' to enable JTA platform integration)
2025-08-10T16:25:17.277+01:00  INFO 18361 --- [bibliotheque] [           main] j.LocalContainerEntityManagerFactoryBean : Initialized JPA EntityManagerFactory for persistence unit 'default'
2025-08-10T16:25:17.369+01:00  INFO 18361 --- [bibliotheque] [           main] o.s.d.j.r.query.QueryEnhancerFactory     : Hibernate is in classpath; If applicable, HQL parser will be used.
2025-08-10T16:25:17.607+01:00  WARN 18361 --- [bibliotheque] [           main] JpaBaseConfiguration$JpaWebConfiguration : spring.jpa.open-in-view is enabled by default. Therefore, database queries may be performed during view rendering. Explicitly configure spring.jpa.open-in-view to disable this warning
2025-08-10T16:25:17.713+01:00  INFO 18361 --- [bibliotheque] [           main] o.s.b.w.embedded.tomcat.TomcatWebServer  : Tomcat started on port 8080 (http) with context path '/'
2025-08-10T16:25:17.716+01:00  INFO 18361 --- [bibliotheque] [           main] c.e.b.BibliothequeApplication            : Started BibliothequeApplication in 1.618 seconds (process running for 1.728)
2025-08-10T16:26:01.843+01:00  INFO 18361 --- [bibliotheque] [nio-8080-exec-1] o.a.c.c.C.[Tomcat].[localhost].[/]       : Initializing Spring DispatcherServlet 'dispatcherServlet'
2025-08-10T16:26:01.843+01:00  INFO 18361 --- [bibliotheque] [nio-8080-exec-1] o.s.web.servlet.DispatcherServlet        : Initializing Servlet 'dispatcherServlet'
2025-08-10T16:26:01.844+01:00  INFO 18361 --- [bibliotheque] [nio-8080-exec-1] o.s.web.servlet.DispatcherServlet        : Completed initialization in 1 ms
2025-08-10T16:31:17.173+01:00  INFO 18361 --- [bibliotheque] [ionShutdownHook] o.s.b.w.e.tomcat.GracefulShutdown        : Commencing graceful shutdown. Waiting for active requests to complete
2025-08-10T16:31:17.187+01:00  INFO 18361 --- [bibliotheque] [tomcat-shutdown] o.s.b.w.e.tomcat.GracefulShutdown        : Graceful shutdown complete
2025-08-10T16:31:17.194+01:00  INFO 18361 --- [bibliotheque] [ionShutdownHook] j.LocalContainerEntityManagerFactoryBean : Closing JPA EntityManagerFactory for persistence unit 'default'
2025-08-10T16:31:17.199+01:00  INFO 18361 --- [bibliotheque] [ionShutdownHook] com.zaxxer.hikari.HikariDataSource       : HikariPool-1 - Shutdown initiated...
2025-08-10T16:31:17.212+01:00  INFO 18361 --- [bibliotheque] [ionShutdownHook] com.zaxxer.hikari.HikariDataSource       : HikariPool-1 - Shutdown completed.
